// Jest Snapshot v1, https://goo.gl/fbAQLP

exports[`A renders 1`] = `
<div>
  <a
    class="foo"
    href="waldo"
  >
    barbaz
  </a>
</div>
`;
